// Jest Snapshot v1, https://goo.gl/fbAQLP

exports[`checks if the App component renders correctly should render correctly 1`] = `
Array [
  <header>
    <nav>
      <div>
        <div
          className="title"
        >
           Math Magicians 
        </div>
      </div>
      <div
        className="navbar"
      >
        <a
          href="/"
          onClick={[Function]}
        >
          Home 
        </a>
        <a
          href="/calculator"
          onClick={[Function]}
        >
          Calculator
        </a>
        <a
          href="/quote"
          onClick={[Function]}
        >
          Quote
        </a>
      </div>
    </nav>
  </header>,
  <main>
    <section
      className="calc-main"
    >
      <div
        style={
          Object {
            "width": "60%",
          }
        }
      >
        <div
          style={
            Object {
              "fontSize": "20px",
            }
          }
        >
          Let\`s do some math!
        </div>
      </div>
      <div
        style={
          Object {
            "width": "40%",
          }
        }
      >
        <div
          className="calculator"
        >
          <div
            className="display"
          >
            0
          </div>
          <div
            className="button-groups"
          >
            <div
              className="btn-group-a"
            >
              <button
                className="button"
                onClick={[Function]}
                type="button"
              >
                AC
              </button>
              <button
                className="button"
                onClick={[Function]}
                type="button"
              >
                +/-
              </button>
              <button
                className="button"
                onClick={[Function]}
                type="button"
              >
                %
              </button>
              <button
                className="button"
                onClick={[Function]}
                type="button"
              >
                รท
              </button>
            </div>
            <div
              className="btn-group-a"
            >
              <button
                className="button"
                onClick={[Function]}
                type="button"
              >
                7
              </button>
              <button
                className="button"
                onClick={[Function]}
                type="button"
              >
                8
              </button>
              <button
                className="button"
                onClick={[Function]}
                type="button"
              >
                9
              </button>
              <button
                className="button"
                onClick={[Function]}
                type="button"
              >
                x
              </button>
            </div>
            <div
              className="btn-group-a"
            >
              <button
                className="button"
                onClick={[Function]}
                type="button"
              >
                4
              </button>
              <button
                className="button"
                onClick={[Function]}
                type="button"
              >
                5
              </button>
              <button
                className="button"
                onClick={[Function]}
                type="button"
              >
                6
              </button>
              <button
                className="button"
                onClick={[Function]}
                type="button"
              >
                -
              </button>
            </div>
            <div
              className="btn-group-a"
            >
              <button
                className="button"
                onClick={[Function]}
                type="button"
              >
                1
              </button>
              <button
                className="button"
                onClick={[Function]}
                type="button"
              >
                2
              </button>
              <button
                className="button"
                onClick={[Function]}
                type="button"
              >
                3
              </button>
              <button
                className="button"
                onClick={[Function]}
                type="button"
              >
                +
              </button>
            </div>
            <div
              className="btn-group-b"
            >
              <button
                className="button"
                onClick={[Function]}
                type="button"
              >
                0
              </button>
              <button
                className="button"
                onClick={[Function]}
                type="button"
              >
                .
              </button>
              <button
                className="button"
                onClick={[Function]}
                type="button"
              >
                =
              </button>
            </div>
          </div>
        </div>
      </div>
    </section>
  </main>,
]
`;
